// Jest Snapshot v1, https://goo.gl/fbAQLP

exports[`Quote matches a snapshot 1`] = `
Array [
  <h1>
    Quote
  </h1>,
  <p>
    some quote
  </p>,
  <button
    onClick={[MockFunction]}
  >
    New Quote
  </button>,
]
`;
